ERROR: Lexical - Line: 59 - Scanner encountered an error.
