ERROR: Lexical - Line: 11 - Scanner encountered an error.
