ERROR: Lexical - Line: 6 - Scanner encountered an error.
