ERROR: Syntactic - Line: 15 - Identifier expected.
