ERROR: Syntactic - Line: 5 - Identifier expected.
