ERROR: Syntactic - Line: 10 - Declarations in scope are not permitted.
