ERROR: Syntactic - Line: 5 - Type declaration expected.
