ERROR: Syntactic - Line: 15 - Declaration expected.
