ERROR: Syntactic - Line: 7 - Unexpected symbol in expression
