ERROR: Semantic - In class Main there is no run method.
