ERROR: Semantic - type - Line: 8 - Expression cannot be converted to boolean.
