ERROR: Semantic - type - Line: 6 - Assigning of unconvertible types.
