ERROR: Semantic - type - Line: 19 - Returning unconvertible type.
