ERROR: Semantic - type - Line: 7 - Assigning of unconvertible types.
