ERROR: Semantic - type - Line: 7 - Too much paramaters in function call
