ERROR: Semantic - type - Line: 9 - Incompatible types in expression
