ERROR: Runtime - division by zero - Trying to divide by 0. Operand zero
