10 + 15 = 25
20 + 25 = -5
42^3 = 74088
3.1415926536
